[moglokossi01.wixsite.com/dowope.html]
[www.wix.com/favicon.1.delayed]
[static.parastorage.com/services/wix-thunderbolt/dist/originTrials.41d7301a.bundle.min.js]
[static.parastorage.com/unpkg/core-js-bundle@3.2.1/minified.js]
[static.parastorage.com/unpkg/focus-within-polyfill@5.0.9/dist/focus-within-polyfill.js]
[backblue.gif]
[fade.gif]
[index.html]
[polyfill-fastly.io/v3/polyfill.mind82c.js]
[moglokossi01.wixsite.com/index.html]
[www.wix.com/lpviral/envirala86c.html]
[static.wixstatic.com/media/dea70f_129e893157da4e62a4b3d6bb59c6aae8_mv2.png/v1/fill/w_80,h_59,al_c,q_85,usm_0.66_1.00_0.01,enc_auto/logo-no-background.png]
[static.wixstatic.com/media/bd236043d97c4c799bf0101fd2a50e10.jpg/v1/fill/w_147,h_76,al_c,q_80,usm_0.66_1.00_0.01,blur_2,enc_auto/bd236043d97c4c799bf0101fd2a50e10.jpg]
[moglokossi01.wixsite.com/dowope/blank-2.html]
[static.wixstatic.com/media/11062b_f16f404da81a4c65b25915cb334fe320_mv2.jpg/v1/fill/w_117,h_78,al_c,q_80,usm_0.66_1.00_0.01,blur_2,enc_auto/11062b_f16f404da81a4c65b25915cb334fe320_mv2.jpg]
[browser.sentry-cdn.com/6.18.2/bundle.min.js]
[moglokossi01.wixsite.com/sitemap.d.delayed]
[moglokossi01.wixsite.com/feed.e.delayed]
[moglokossi01.wixsite.com/${n.f.delayed]
[static.parastorage.com/services/wix-thunderbolt/dist/thunderbolt-commons.94cf14eb.bundle.min.js]
[static.parastorage.com/services/wix-thunderbolt/dist/main.89e8f6cc.bundle.min.js]
[static.parastorage.com/services/wix-thunderbolt/dist/main.renderer.1d21f023.bundle.min.js]
[static.parastorage.com/unpkg/lodash@4.17.21/lodash.min.js]
[static.parastorage.com/unpkg/react@18.2.0/umd/react.production.min.js]
[static.parastorage.com/unpkg/react-dom@18.2.0/umd/react-dom.production.min.js]
[moglokossi01.wixsite.com/decodeURIComponent(e.16.delayed]
[static.parastorage.com/services/tag-manager-client/1.827.0/siteTags.bundle.min.js]
[moglokossi01.wixsite.com/dowope.html]
[moglokossi01.wixsite.com/index.html]
[static.parastorage.com/services/wix-perf-measure/1.1095.0/wix-perf-measure.umd.min.js]
[static.parastorage.com/services/cookie-sync-service/1.28.0/embed-cidx.bundle.min.js]
[www.wix.com/lpviral/enviral.html]
[static.wixstatic.com/media/0784b1_2bf53a6da06544bf83b5fc54648a2054_mv2.png/v1/fill/w_56,h_27,al_c,q_85,usm_0.66_1.00_0.01,blur_2,enc_auto/0784b1_2bf53a6da06544bf83b5fc54648a2054_mv2.png]
[static.wixstatic.com/media/0784b1_deb59b4f202148bcbac6acf28e46fa26_mv2.png/v1/fill/w_56,h_22,al_c,q_85,usm_0.66_1.00_0.01,blur_2,enc_auto/0784b1_deb59b4f202148bcbac6acf28e46fa26_mv2.png]
[static.wixstatic.com/media/0784b1_277c21087e574055a61c21c6437084fd_mv2.png/v1/fill/w_56,h_22,al_c,q_85,usm_0.66_1.00_0.01,blur_2,enc_auto/0784b1_277c21087e574055a61c21c6437084fd_mv2.png]
[static.wixstatic.com/media/0784b1_8e2950a9a2d54305b787d40d053bebc2_mv2.png/v1/fill/w_56,h_23,al_c,q_85,usm_0.66_1.00_0.01,blur_2,enc_auto/0784b1_8e2950a9a2d54305b787d40d053bebc2_mv2.png]
[static.wixstatic.com/media/0784b1_c17fb3571f264551b65b95b0b949e302_mv2.png/v1/fill/w_56,h_16,al_c,q_85,usm_0.66_1.00_0.01,blur_2,enc_auto/0784b1_c17fb3571f264551b65b95b0b949e302_mv2.png]
[www.wix.com/lpviral/robots.txt]
[www.wix.com/lpviral/sitemap.xml]
[www.wix.com/lpviral/feed.xml]
[www.wix.com/lpviral/${n.uri}]
[www.wix.com/lpviral/decodeURIComponent(e]
[www.wix.com/lpviral/envirala86c.html]
[static.wixstatic.com/media/2578954972c24c89b6e611e9a20c3e42.jpg/v1/fill/w_940,h_440,al_c,q_85,usm_0.66_1.00_0.01,enc_auto/Startup.jpg]
[static.wixstatic.com/media/bd236043d97c4c799bf0101fd2a50e10.jpg/v1/fill/w_127,h_66,al_c,q_80,usm_0.66_1.00_0.01,blur_2,enc_auto/Stand Up Meeting.jpg]
[static.wixstatic.com/media/11062b_23038e254b914d11b792ca46e48b637f_mv2_d_5000_3333_s_4_2.jpg/v1/fill/w_99,h_66,al_c,q_80,usm_0.66_1.00_0.01,blur_2,enc_auto/Young Businesswomen.jpg]
[static.wixstatic.com/media/11062b_6694be830cd1452ba1d012dc3593e29e_mv2.jpg/v1/fill/w_123,h_82,al_c,q_80,usm_0.66_1.00_0.01,blur_2,enc_auto/11062b_6694be830cd1452ba1d012dc3593e29e_mv2.jpg]
[moglokossi01.wixsite.com/dowope/robots.2b.delayed]
[moglokossi01.wixsite.com/dowope/sitemap.xml]
[moglokossi01.wixsite.com/dowope/feed.2d.delayed]
[moglokossi01.wixsite.com/dowope/${n.2e.delayed]
[moglokossi01.wixsite.com/dowope/decodeURIComponent(e.2f.delayed]
[moglokossi01.wixsite.com/dowope/blank-2.html]
[moglokossi01.wixsite.com/sitemap.html]
[moglokossi01.wixsite.com/feed.html]
[moglokossi01.wixsite.com/${n.html]
[moglokossi01.wixsite.com/decodeURIComponent(e.html]
[www.wix.com/lpviral/enviral.html]
[www.wix.com/index.html]
[www.wix.com/lpviral/robots.html]
[www.wix.com/lpviral/sitemap.html]
[www.wix.com/lpviral/feed.html]
[www.wix.com/lpviral/${n.html]
[www.wix.com/lpviral/decodeURIComponent(e.html]
[moglokossi01.wixsite.com/dowope/robots.html]
[moglokossi01.wixsite.com/dowope/feed.html]
[moglokossi01.wixsite.com/dowope/${n.html]
[moglokossi01.wixsite.com/dowope/decodeURIComponent(e.html]
